Tipo de Fluido:
(1)Gas
(2)Oleo
1

Tipo de mecanismo:
(1)Volumetrico de Gas Seco
(2)Anormalmente Pressurizado
(3)Sob Influxo de Agua
(4)Sob Influxo de agua Modelo Pot Aquifer
(5)Sob Influxo de agua Modelo Schilthuis
(6)Gas Condensado Nao Retrogrado
(7)Gas Condensado Retrogrado
5

Numero de medicoes:3

Pressao (1) (kgf/cm2):205.70

Gas Produzido (1)(m3 std):2.237e6

Z(1):0.8689

Pressao (2) (kgf/cm2):177.57

Gas Produzido (2)(m3 std):6.258e6

Z(2):0.8594

Pressao (3) (kgf/cm2):149.44

Gas Produzido (3)(m3 std):12.799e6

Z(3):0.8567
t1 (d): 3
t2 (d): 5
Constante de influxo - J (m3/(d*kgf/cm2) : 70
bgi (m3/m3 std) : 0.0052622

bg (1) (m3/m3 std) : 0.0057004

bg (2) (m3/m3 std) : 0.0065311

bg (3) (m3/m3 std) : 0.0077360

We/(Bg-Bgi)                             GpBg/(Bg-Bgi)
0                               2.91004e+07
3.10363e+06                             3.22103e+07
3.18393e+06                             4.00247e+07


Regressao Linear
G (m3 std) = a = 2.90029e+07




